This is pdfTeX, Version 3.141592653-2.6-1.40.29 (MiKTeX 26.5) (preloaded format=pdflatex 2026.8.21)  28 AUG 2026 10:45
entering extended mode
 restricted \write18 enabled.
 file:line:error style messages enabled.
 %&-line parsing enabled.
**./modules.tex
(modules.tex
LaTeX2e <2025-11-01>
L3 programming layer <2026-03-20>
(preamble.tex (stacks-project.cls
Document Class: stacks-project 
\linespacing=\dimen150
\normalparindent=\dimen151
\normaltopskip=\skip49
(<USER_ROOT>\AppData\Local\Programs\MiKTeX\tex/latex/amsmath\amsmath.sty
Package: amsmath 2025/07/09 v2.17z AMS math features
\@mathmargin=\skip50

For additional information on amsmath, use the `?' option.
(<USER_ROOT>\AppData\Local\Programs\MiKTeX\tex/latex/amsmath\amstext.sty
Package: amstext 2024/11/17 v2.01 AMS text

(<USER_ROOT>\AppData\Local\Programs\MiKTeX\tex/latex/amsmath\amsgen.sty
File: amsgen.sty 1999/11/30 v2.0 generic functions
\@emptytoks=\toks17
\ex@=\dimen152
))
(<USER_ROOT>\AppData\Local\Programs\MiKTeX\tex/latex/amsmath\amsbsy.sty
Package: amsbsy 1999/11/29 v1.2d Bold Symbols
\pmbraise@=\dimen153
)
(<USER_ROOT>\AppData\Local\Programs\MiKTeX\tex/latex/amsmath\amsopn.sty
Package: amsopn 2022/04/08 v2.04 operator names
)
\inf@bad=\count275
LaTeX Info: Redefining \frac on input line 233.
\uproot@=\count276
\leftroot@=\count277
LaTeX Info: Redefining \overline on input line 398.
LaTeX Info: Redefining \colon on input line 409.
\classnum@=\count278
\DOTSCASE@=\count279
LaTeX Info: Redefining \ldots on input line 495.
LaTeX Info: Redefining \dots on input line 498.
LaTeX Info: Redefining \cdots on input line 619.
\Mathstrutbox@=\box53
\strutbox@=\box54
LaTeX Info: Redefining \big on input line 721.
LaTeX Info: Redefining \Big on input line 722.
LaTeX Info: Redefining \bigg on input line 723.
LaTeX Info: Redefining \Bigg on input line 724.
\big@size=\dimen154
LaTeX Font Info:    Redeclaring font encoding OML on input line 742.
LaTeX Font Info:    Redeclaring font encoding OMS on input line 743.
\macc@depth=\count280
LaTeX Info: Redefining \bmod on input line 904.
LaTeX Info: Redefining \pmod on input line 909.
LaTeX Info: Redefining \smash on input line 939.
LaTeX Info: Redefining \relbar on input line 969.
LaTeX Info: Redefining \Relbar on input line 970.
\c@MaxMatrixCols=\count281
\dotsspace@=\muskip17
\c@parentequation=\count282
\dspbrk@lvl=\count283
\tag@help=\toks18
\row@=\count284
\column@=\count285
\maxfields@=\count286
\andhelp@=\toks19
\eqnshift@=\dimen155
\alignsep@=\dimen156
\tagshift@=\dimen157
\tagwidth@=\dimen158
\totwidth@=\dimen159
\lineht@=\dimen160
\@envbody=\toks20
\multlinegap=\skip51
\multlinetaggap=\skip52
\mathdisplay@stack=\toks21
LaTeX Info: Redefining \[ on input line 2950.
LaTeX Info: Redefining \] on input line 2951.
)
LaTeX Font Info:    Trying to load font information for U+msa on input line 361
.

(<USER_ROOT>\AppData\Local\Programs\MiKTeX\tex/latex/amsfonts\umsa.fd
File: umsa.fd 2013/01/14 v3.01 AMS symbols A
)
(<USER_ROOT>\AppData\Local\Programs\MiKTeX\tex/latex/amsfonts\amsfonts.sty
Package: amsfonts 2013/01/14 v3.01 Basic AMSFonts support
\symAMSa=\mathgroup4
\symAMSb=\mathgroup5
LaTeX Font Info:    Redeclaring math symbol \hbar on input line 98.
LaTeX Font Info:    Overwriting math alphabet `\mathfrak' in version `bold'
(Font)                  U/euf/m/n --> U/euf/b/n on input line 106.
)
\copyins=\insert252
\abstractbox=\box55
\listisep=\skip53
\c@part=\count287
\c@section=\count288
\c@subsection=\count289
\c@subsubsection=\count290
\c@paragraph=\count291
\c@subparagraph=\count292
\c@figure=\count293
\c@table=\count294
\abovecaptionskip=\skip54
\belowcaptionskip=\skip55
\captionindent=\dimen161
\thm@style=\toks22
\thm@bodyfont=\toks23
\thm@headfont=\toks24
\thm@notefont=\toks25
\thm@headpunct=\toks26
\thm@preskip=\skip56
\thm@postskip=\skip57
\thm@headsep=\skip58
\dth@everypar=\toks27
) (<USER_ROOT>\AppData\Local\Programs\MiKTeX\tex/latex/tools\verbatim.sty
Package: verbatim 2024-01-22 v1.5x LaTeX2e package for verbatim enhancements
\every@verbatim=\toks28
\verbatim@line=\toks29
\verbatim@in@stream=\read2
)
(<USER_ROOT>\AppData\Local\Programs\MiKTeX\tex/generic/xypic\xy.sty
(<USER_ROOT>\AppData\Local\Programs\MiKTeX\tex/generic/xypic\xy.tex
Bootstrap'ing: catcodes, docmode,
(<USER_ROOT>\AppData\Local\Programs\MiKTeX\tex/generic/xypic\xyrecat.tex)
(<USER_ROOT>\AppData\Local\Programs\MiKTeX\tex/generic/xypic\xyidioms.tex)

 Xy-pic version 3.8.9 <2013/10/06>
 Copyright (c) 1991-2013 by Kristoffer H. Rose <krisrose@tug.org> and others
 Xy-pic is free software: see the User's Guide for details.

Loading kernel: messages; fonts; allocations: state,
\X@c=\dimen162
\Y@c=\dimen163
\U@c=\dimen164
\D@c=\dimen165
\L@c=\dimen166
\R@c=\dimen167
\Edge@c=\toks30
\X@p=\dimen168
\Y@p=\dimen169
\U@p=\dimen170
\D@p=\dimen171
\L@p=\dimen172
\R@p=\dimen173
\Edge@p=\toks31
\X@origin=\dimen174
\Y@origin=\dimen175
\X@xbase=\dimen176
\Y@xbase=\dimen177
\X@ybase=\dimen178
\Y@ybase=\dimen179
\X@min=\dimen180
\Y@min=\dimen181
\X@max=\dimen182
\Y@max=\dimen183
\lastobjectbox@=\box56
\zerodotbox@=\box57
\almostz@=\dimen184
 direction,
\d@X=\dimen185
\d@Y=\dimen186
\K@=\count295
\KK@=\count296
\Direction=\count297
\K@dXdY=\dimen187
\K@dYdX=\dimen188
\xyread@=\read3
\xywrite@=\write3
\csp@=\count298
\quotPTK@=\dimen189

utility macros; pictures: \xy, positions,
\swaptoks@@=\toks32
\connectobjectbox@@=\box58
 objects,
\styletoks@=\toks33
 decorations;
kernel objects: directionals, circles, text; options; algorithms: directions,
edges, connections;  Xy-pic loaded)
(<USER_ROOT>\AppData\Local\Programs\MiKTeX\tex/generic/iftex\ifpdf.sty
Package: ifpdf 2019/10/25 v3.4 ifpdf legacy package. Use iftex instead.

(<USER_ROOT>\AppData\Local\Programs\MiKTeX\tex/generic/iftex\iftex.sty
Package: iftex 2024/12/12 v1.0g TeX engine tests
))
Package: xy 2013/10/06 Xy-pic version 3.8.9

(<USER_ROOT>\AppData\Local\Programs\MiKTeX\tex/generic/xypic\xyall.tex
 Xy-pic option: All features v.3.8
(<USER_ROOT>\AppData\Local\Programs\MiKTeX\tex/generic/xypic\xycurve.tex
 Xy-pic option: Curve and Spline extension v.3.12 curve,
\crv@cnt@=\count299
\crvpts@=\toks34
\splinebox@=\box59
\splineval@=\dimen190
\splinedepth@=\dimen191
\splinetol@=\dimen192
\splinelength@=\dimen193
 circles,
\L@=\dimen194
 loaded)
(<USER_ROOT>\AppData\Local\Programs\MiKTeX\tex/generic/xypic\xyframe.tex
 Xy-pic option: Frame and Bracket extension v.3.14 loaded)
(<USER_ROOT>\AppData\Local\Programs\MiKTeX\tex/generic/xypic\xycmtip.tex
 Xy-pic option: Computer Modern tip extension v.3.7
(<USER_ROOT>\AppData\Local\Programs\MiKTeX\tex/generic/xypic\xytips.tex
 Xy-pic option: More Tips extension v.3.11 loaded) loaded)
(<USER_ROOT>\AppData\Local\Programs\MiKTeX\tex/generic/xypic\xyline.tex
 Xy-pic option: Line styles extension v.3.10
\xylinethick@=\dimen195
 loaded)
(<USER_ROOT>\AppData\Local\Programs\MiKTeX\tex/generic/xypic\xyrotate.tex
 Xy-pic option: Rotate and Scale extension v.3.8 loaded)
(<USER_ROOT>\AppData\Local\Programs\MiKTeX\tex/generic/xypic\xycolor.tex
 Xy-pic option: Colour extension v.3.11 loaded)
(<USER_ROOT>\AppData\Local\Programs\MiKTeX\tex/generic/xypic\xymatrix.tex
 Xy-pic option: Matrix feature v.3.14
\Row=\count300
\Col=\count301
\queue@=\toks35
\queue@@=\toks36
\qcount@=\count302
\qcount@@=\count303
\matrixsize@=\count304
 loaded)
(<USER_ROOT>\AppData\Local\Programs\MiKTeX\tex/generic/xypic\xyarrow.tex
 Xy-pic option: Arrow and Path feature v.3.9 path, \ar, loaded)
(<USER_ROOT>\AppData\Local\Programs\MiKTeX\tex/generic/xypic\xygraph.tex
 Xy-pic option: Graph feature v.3.11 loaded) loaded)
(<USER_ROOT>\AppData\Local\Programs\MiKTeX\tex/generic/xypic\xypdf.tex
 Xy-pic option: PDF driver v.1.7 Xy-pic pdf driver: `color' extension support
(<USER_ROOT>\AppData\Local\Programs\MiKTeX\tex/generic/xypic\xypdf-co.tex
loaded) Xy-pic pdf driver: `curve' extension support
(<USER_ROOT>\AppData\Local\Programs\MiKTeX\tex/generic/xypic\xypdf-cu.tex
loaded) Xy-pic pdf driver: `frame' extension support
(<USER_ROOT>\AppData\Local\Programs\MiKTeX\tex/generic/xypic\xypdf-fr.tex
loaded) Xy-pic pdf driver: `line' extension support
(<USER_ROOT>\AppData\Local\Programs\MiKTeX\tex/generic/xypic\xypdf-li.tex
loaded) Xy-pic pdf driver: `rotate' extension support
(<USER_ROOT>\AppData\Local\Programs\MiKTeX\tex/generic/xypic\xypdf-ro.tex
loaded) loaded))
(<USER_ROOT>\AppData\Local\Programs\MiKTeX\tex/generic/xypic\xy2cell.tex
 Xy-pic option: Two-cell feature v.3.7 two-cells, loaded)
(<USER_ROOT>\AppData\Local\Programs\MiKTeX\tex/latex/tools\multicol.sty
Package: multicol 2025/10/21 v2.0b multicolumn formatting (FMi)
\c@tracingmulticols=\count305
\mult@box=\box60
\multicol@leftmargin=\dimen196
\c@unbalance=\count306
\c@collectmore=\count307
\doublecol@number=\count308
\multicoltolerance=\count309
\multicolpretolerance=\count310
\full@width=\dimen197
\page@free=\dimen198
\premulticols=\dimen199
\postmulticols=\dimen256
\multicolsep=\skip59
\multicolbaselineskip=\skip60
\partial@page=\box61
\last@line=\box62
\mc@boxedresult=\box63
\maxbalancingoverflow=\dimen257
\mult@rightbox=\box64
\mult@grightbox=\box65
\mult@firstbox=\box66
\mult@gfirstbox=\box67
\@tempa=\box68
\@tempa=\box69
\@tempa=\box70
\@tempa=\box71
\@tempa=\box72
\@tempa=\box73
\@tempa=\box74
\@tempa=\box75
\@tempa=\box76
\@tempa=\box77
\@tempa=\box78
\@tempa=\box79
\@tempa=\box80
\@tempa=\box81
\@tempa=\box82
\@tempa=\box83
\@tempa=\box84
\@tempa=\box85
\@tempa=\box86
\@tempa=\box87
\@tempa=\box88
\@tempa=\box89
\@tempa=\box90
\@tempa=\box91
\@tempa=\box92
\@tempa=\box93
\@tempa=\box94
\@tempa=\box95
\@tempa=\box96
\@tempa=\box97
\@tempa=\box98
\@tempa=\box99
\@tempa=\box100
\@tempa=\box101
\@tempa=\box102
\@tempa=\box103
\c@minrows=\count311
\c@columnbadness=\count312
\c@finalcolumnbadness=\count313
\last@try=\dimen258
\multicolovershoot=\dimen259
\multicolundershoot=\dimen260
\mult@nat@firstbox=\box104
\colbreak@box=\box105
\mc@col@check@num=\count314
\g__mc_curr_col_int=\count315
)
(<USER_ROOT>\AppData\Local\Programs\MiKTeX\tex/latex/lm\lmodern.sty
Package: lmodern 2015/05/01 v1.6.1 Latin Modern Fonts
LaTeX Font Info:    Overwriting symbol font `operators' in version `normal'
(Font)                  OT1/cmr/m/n --> OT1/lmr/m/n on input line 22.
LaTeX Font Info:    Overwriting symbol font `letters' in version `normal'
(Font)                  OML/cmm/m/it --> OML/lmm/m/it on input line 23.
LaTeX Font Info:    Overwriting symbol font `symbols' in version `normal'
(Font)                  OMS/cmsy/m/n --> OMS/lmsy/m/n on input line 24.
LaTeX Font Info:    Overwriting symbol font `largesymbols' in version `normal'
(Font)                  OMX/cmex/m/n --> OMX/lmex/m/n on input line 25.
LaTeX Font Info:    Overwriting symbol font `operators' in version `bold'
(Font)                  OT1/cmr/bx/n --> OT1/lmr/bx/n on input line 26.
LaTeX Font Info:    Overwriting symbol font `letters' in version `bold'
(Font)                  OML/cmm/b/it --> OML/lmm/b/it on input line 27.
LaTeX Font Info:    Overwriting symbol font `symbols' in version `bold'
(Font)                  OMS/cmsy/b/n --> OMS/lmsy/b/n on input line 28.
LaTeX Font Info:    Overwriting symbol font `largesymbols' in version `bold'
(Font)                  OMX/cmex/m/n --> OMX/lmex/m/n on input line 29.
LaTeX Font Info:    Overwriting math alphabet `\mathbf' in version `normal'
(Font)                  OT1/cmr/bx/n --> OT1/lmr/bx/n on input line 31.
LaTeX Font Info:    Overwriting math alphabet `\mathsf' in version `normal'
(Font)                  OT1/cmss/m/n --> OT1/lmss/m/n on input line 32.
LaTeX Font Info:    Overwriting math alphabet `\mathit' in version `normal'
(Font)                  OT1/cmr/m/it --> OT1/lmr/m/it on input line 33.
LaTeX Font Info:    Overwriting math alphabet `\mathtt' in version `normal'
(Font)                  OT1/cmtt/m/n --> OT1/lmtt/m/n on input line 34.
LaTeX Font Info:    Overwriting math alphabet `\mathbf' in version `bold'
(Font)                  OT1/cmr/bx/n --> OT1/lmr/bx/n on input line 35.
LaTeX Font Info:    Overwriting math alphabet `\mathsf' in version `bold'
(Font)                  OT1/cmss/bx/n --> OT1/lmss/bx/n on input line 36.
LaTeX Font Info:    Overwriting math alphabet `\mathit' in version `bold'
(Font)                  OT1/cmr/bx/it --> OT1/lmr/bx/it on input line 37.
LaTeX Font Info:    Overwriting math alphabet `\mathtt' in version `bold'
(Font)                  OT1/cmtt/m/n --> OT1/lmtt/m/n on input line 38.
)
(<USER_ROOT>\AppData\Local\Programs\MiKTeX\tex/latex/base\fontenc.sty
Package: fontenc 2025/07/18 v2.1d Standard LaTeX package
LaTeX Font Info:    Trying to load font information for T1+lmr on input line 11
6.

(<USER_ROOT>\AppData\Local\Programs\MiKTeX\tex/latex/lm\t1lmr.fd
File: t1lmr.fd 2015/05/01 v1.6.1 Font defs for Latin Modern
))
(<USER_ROOT>\AppData\Local\Programs\MiKTeX\tex/latex/hyperref\xr-hyper.sty
Package: xr-hyper 2026-04-24 v7.01q eXternal References (DPC)
) (<USER_ROOT>\AppData\Local\Programs\MiKTeX\tex/latex/hyperref\hyperref.st
y
Package: hyperref 2026-04-24 v7.01q Hypertext links for LaTeX
(<USER_ROOT>\AppData\Local\Programs\MiKTeX\tex/latex/graphics\keyval.sty
Package: keyval 2022/05/29 v1.15 key=value parser (DPC)
\KV@toks@=\toks37
)
(<USER_ROOT>\AppData\Local\Programs\MiKTeX\tex/latex/kvsetkeys\kvsetkeys.st
y
Package: kvsetkeys 2022-10-05 v1.19 Key value parser (HO)
)
(<USER_ROOT>\AppData\Local\Programs\MiKTeX\tex/generic/kvdefinekeys\kvdefin
ekeys.sty
Package: kvdefinekeys 2019-12-19 v1.6 Define keys (HO)
)
(<USER_ROOT>\AppData\Local\Programs\MiKTeX\tex/generic/pdfescape\pdfescape.
sty
Package: pdfescape 2019/12/09 v1.15 Implements pdfTeX's escape features (HO)

(<USER_ROOT>\AppData\Local\Programs\MiKTeX\tex/generic/ltxcmds\ltxcmds.sty
Package: ltxcmds 2023-12-04 v1.26 LaTeX kernel commands for general use (HO)
)
(<USER_ROOT>\AppData\Local\Programs\MiKTeX\tex/generic/pdftexcmds\pdftexcmd
s.sty
Package: pdftexcmds 2020-06-27 v0.33 Utility functions of pdfTeX for LuaTeX (HO
)

(<USER_ROOT>\AppData\Local\Programs\MiKTeX\tex/generic/infwarerr\infwarerr.
sty
Package: infwarerr 2019/12/03 v1.5 Providing info/warning/error messages (HO)
)
Package pdftexcmds Info: \pdf@primitive is available.
Package pdftexcmds Info: \pdf@ifprimitive is available.
Package pdftexcmds Info: \pdfdraftmode found.
))
(<USER_ROOT>\AppData\Local\Programs\MiKTeX\tex/latex/hycolor\hycolor.sty
Package: hycolor 2020-01-27 v1.10 Color options for hyperref/bookmark (HO)
)
(<USER_ROOT>\AppData\Local\Programs\MiKTeX\tex/latex/hyperref\nameref.sty
Package: nameref 2026-01-29 v2.58 Cross-referencing by name of section

(<USER_ROOT>\AppData\Local\Programs\MiKTeX\tex/latex/refcount\refcount.sty
Package: refcount 2019/12/15 v3.6 Data extraction from label references (HO)
)
(<USER_ROOT>\AppData\Local\Programs\MiKTeX\tex/generic/gettitlestring\getti
tlestring.sty
Package: gettitlestring 2019/12/15 v1.6 Cleanup title references (HO)

(<USER_ROOT>\AppData\Local\Programs\MiKTeX\tex/latex/kvoptions\kvoptions.st
y
Package: kvoptions 2022-06-15 v3.15 Key value format for package options (HO)
))
\c@section@level=\count316
)
(<USER_ROOT>\AppData\Local\Programs\MiKTeX\tex/latex/etoolbox\etoolbox.sty
Package: etoolbox 2025/10/02 v2.5m e-TeX tools for LaTeX (JAW)
\etb@tempcnta=\count317
)
(<USER_ROOT>\AppData\Local\Programs\MiKTeX\tex/generic/stringenc\stringenc.
sty
Package: stringenc 2019/11/29 v1.12 Convert strings between diff. encodings (HO
)
)
\@linkdim=\dimen261
\Hy@linkcounter=\count318
\Hy@pagecounter=\count319

(<USER_ROOT>\AppData\Local\Programs\MiKTeX\tex/latex/hyperref\pd1enc.def
File: pd1enc.def 2026-04-24 v7.01q Hyperref: PDFDocEncoding definition (HO)
Now handling font encoding PD1 ...
... no UTF-8 mapping file for font encoding PD1
)
(<USER_ROOT>\AppData\Local\Programs\MiKTeX\tex/generic/intcalc\intcalc.sty
Package: intcalc 2019/12/15 v1.3 Expandable calculations with integers (HO)
)
\Hy@SavedSpaceFactor=\count320
(<USER_ROOT>\AppData\Local\Programs\MiKTeX\tex/latex/hyperref\puenc.def
File: puenc.def 2026-04-24 v7.01q Hyperref: PDF Unicode definition (HO)
Now handling font encoding PU ...
... no UTF-8 mapping file for font encoding PU
)
(hyperref.cfg
File: hyperref.cfg 
)
Package hyperref Info: Hyper figures OFF on input line 4199.
Package hyperref Info: Link nesting OFF on input line 4204.
Package hyperref Info: Hyper index ON on input line 4207.
Package hyperref Info: Plain pages OFF on input line 4214.
Package hyperref Info: Backreferencing OFF on input line 4219.
Package hyperref Info: Implicit mode ON; LaTeX internals redefined.
Package hyperref Info: Bookmarks ON on input line 4466.
\c@Hy@tempcnt=\count321

(<USER_ROOT>\AppData\Local\Programs\MiKTeX\tex/latex/url\url.sty
\Urlmuskip=\muskip18
Package: url 2013/09/16  ver 3.4  Verb mode for urls, etc.
)
LaTeX Info: Redefining \url on input line 4805.
\XeTeXLinkMargin=\dimen262

(<USER_ROOT>\AppData\Local\Programs\MiKTeX\tex/generic/bitset\bitset.sty
Package: bitset 2019/12/09 v1.3 Handle bit-vector datatype (HO)

(<USER_ROOT>\AppData\Local\Programs\MiKTeX\tex/generic/bigintcalc\bigintcal
c.sty
Package: bigintcalc 2019/12/15 v1.5 Expandable calculations on big integers (HO
)
))
\Fld@menulength=\count322
\Field@Width=\dimen263
\Fld@charsize=\dimen264
Package hyperref Info: Hyper figures OFF on input line 6091.
Package hyperref Info: Link nesting OFF on input line 6096.
Package hyperref Info: Hyper index ON on input line 6099.
Package hyperref Info: backreferencing OFF on input line 6106.
Package hyperref Info: Link coloring OFF on input line 6111.
Package hyperref Info: Link coloring with OCG OFF on input line 6116.
Package hyperref Info: PDF/A mode OFF on input line 6121.
\Hy@abspage=\count323
\c@Item=\count324
\c@Hfootnote=\count325
)
Package hyperref Info: Driver (autodetected): hpdftex.

(<USER_ROOT>\AppData\Local\Programs\MiKTeX\tex/latex/hyperref\hpdftex.def
File: hpdftex.def 2026-04-24 v7.01q Hyperref driver for pdfTeX
\Fld@listcount=\count326
\c@bookmark@seq@number=\count327

(<USER_ROOT>\AppData\Local\Programs\MiKTeX\tex/latex/rerunfilecheck\rerunfi
lecheck.sty
Package: rerunfilecheck 2025-06-21 v1.11 Rerun checks for auxiliary files (HO)

(<USER_ROOT>\AppData\Local\Programs\MiKTeX\tex/generic/uniquecounter\unique
counter.sty
Package: uniquecounter 2019/12/15 v1.4 Provide unlimited unique counter (HO)
)
Package uniquecounter Info: New unique counter `rerunfilecheck' on input line 2
84.
)
\Hy@SectionHShift=\skip61
)

Package xr Warning: 
No file introduction.aux
LABELS NOT IMPORTED.
 on input line 37.


Package xr Warning: 
No file conventions.aux
LABELS NOT IMPORTED.
 on input line 38.


Package xr Warning: 
No file sets.aux
LABELS NOT IMPORTED.
 on input line 39.


Package xr Warning: 
No file categories.aux
LABELS NOT IMPORTED.
 on input line 40.


Package xr Warning: 
No file topology.aux
LABELS NOT IMPORTED.
 on input line 41.


Package xr Warning: 
No file sheaves.aux
LABELS NOT IMPORTED.
 on input line 42.


Package xr Warning: 
No file sites.aux
LABELS NOT IMPORTED.
 on input line 43.


Package xr Warning: 
No file stacks.aux
LABELS NOT IMPORTED.
 on input line 44.


Package xr Warning: 
No file fields.aux
LABELS NOT IMPORTED.
 on input line 45.


Package xr Warning: 
No file algebra.aux
LABELS NOT IMPORTED.
 on input line 46.


Package xr Warning: 
No file brauer.aux
LABELS NOT IMPORTED.
 on input line 47.


Package xr Warning: 
No file homology.aux
LABELS NOT IMPORTED.
 on input line 48.


Package xr Warning: 
No file derived.aux
LABELS NOT IMPORTED.
 on input line 49.


Package xr Warning: 
No file simplicial.aux
LABELS NOT IMPORTED.
 on input line 50.


Package xr Warning: 
No file more-algebra.aux
LABELS NOT IMPORTED.
 on input line 51.


Package xr Warning: 
No file smoothing.aux
LABELS NOT IMPORTED.
 on input line 52.

Package xr Info: IMPORTING LABELS FROM modules.aux on input line 53.

Package xr Warning: 
No file sites-modules.aux
LABELS NOT IMPORTED.
 on input line 54.


Package xr Warning: 
No file injectives.aux
LABELS NOT IMPORTED.
 on input line 55.


Package xr Warning: 
No file cohomology.aux
LABELS NOT IMPORTED.
 on input line 56.


Package xr Warning: 
No file sites-cohomology.aux
LABELS NOT IMPORTED.
 on input line 57.


Package xr Warning: 
No file dga.aux
LABELS NOT IMPORTED.
 on input line 58.


Package xr Warning: 
No file dpa.aux
LABELS NOT IMPORTED.
 on input line 59.


Package xr Warning: 
No file sdga.aux
LABELS NOT IMPORTED.
 on input line 60.


Package xr Warning: 
No file hypercovering.aux
LABELS NOT IMPORTED.
 on input line 61.


Package xr Warning: 
No file schemes.aux
LABELS NOT IMPORTED.
 on input line 62.


Package xr Warning: 
No file constructions.aux
LABELS NOT IMPORTED.
 on input line 63.


Package xr Warning: 
No file properties.aux
LABELS NOT IMPORTED.
 on input line 64.


Package xr Warning: 
No file morphisms.aux
LABELS NOT IMPORTED.
 on input line 65.


Package xr Warning: 
No file coherent.aux
LABELS NOT IMPORTED.
 on input line 66.


Package xr Warning: 
No file divisors.aux
LABELS NOT IMPORTED.
 on input line 67.


Package xr Warning: 
No file limits.aux
LABELS NOT IMPORTED.
 on input line 68.


Package xr Warning: 
No file varieties.aux
LABELS NOT IMPORTED.
 on input line 69.


Package xr Warning: 
No file topologies.aux
LABELS NOT IMPORTED.
 on input line 70.


Package xr Warning: 
No file descent.aux
LABELS NOT IMPORTED.
 on input line 71.


Package xr Warning: 
No file perfect.aux
LABELS NOT IMPORTED.
 on input line 72.


Package xr Warning: 
No file more-morphisms.aux
LABELS NOT IMPORTED.
 on input line 73.


Package xr Warning: 
No file flat.aux
LABELS NOT IMPORTED.
 on input line 74.


Package xr Warning: 
No file groupoids.aux
LABELS NOT IMPORTED.
 on input line 75.


Package xr Warning: 
No file more-groupoids.aux
LABELS NOT IMPORTED.
 on input line 76.


Package xr Warning: 
No file etale.aux
LABELS NOT IMPORTED.
 on input line 77.


Package xr Warning: 
No file chow.aux
LABELS NOT IMPORTED.
 on input line 78.


Package xr Warning: 
No file intersection.aux
LABELS NOT IMPORTED.
 on input line 79.


Package xr Warning: 
No file pic.aux
LABELS NOT IMPORTED.
 on input line 80.


Package xr Warning: 
No file weil.aux
LABELS NOT IMPORTED.
 on input line 81.


Package xr Warning: 
No file adequate.aux
LABELS NOT IMPORTED.
 on input line 82.


Package xr Warning: 
No file dualizing.aux
LABELS NOT IMPORTED.
 on input line 83.


Package xr Warning: 
No file duality.aux
LABELS NOT IMPORTED.
 on input line 84.


Package xr Warning: 
No file discriminant.aux
LABELS NOT IMPORTED.
 on input line 85.


Package xr Warning: 
No file derham.aux
LABELS NOT IMPORTED.
 on input line 86.


Package xr Warning: 
No file local-cohomology.aux
LABELS NOT IMPORTED.
 on input line 87.


Package xr Warning: 
No file algebraization.aux
LABELS NOT IMPORTED.
 on input line 88.


Package xr Warning: 
No file curves.aux
LABELS NOT IMPORTED.
 on input line 89.


Package xr Warning: 
No file resolve.aux
LABELS NOT IMPORTED.
 on input line 90.


Package xr Warning: 
No file models.aux
LABELS NOT IMPORTED.
 on input line 91.


Package xr Warning: 
No file functors.aux
LABELS NOT IMPORTED.
 on input line 92.


Package xr Warning: 
No file equiv.aux
LABELS NOT IMPORTED.
 on input line 93.


Package xr Warning: 
No file pione.aux
LABELS NOT IMPORTED.
 on input line 94.


Package xr Warning: 
No file etale-cohomology.aux
LABELS NOT IMPORTED.
 on input line 95.


Package xr Warning: 
No file proetale.aux
LABELS NOT IMPORTED.
 on input line 96.


Package xr Warning: 
No file relative-cycles.aux
LABELS NOT IMPORTED.
 on input line 97.


Package xr Warning: 
No file more-etale.aux
LABELS NOT IMPORTED.
 on input line 98.


Package xr Warning: 
No file trace.aux
LABELS NOT IMPORTED.
 on input line 99.


Package xr Warning: 
No file crystalline.aux
LABELS NOT IMPORTED.
 on input line 100.


Package xr Warning: 
No file spaces.aux
LABELS NOT IMPORTED.
 on input line 101.


Package xr Warning: 
No file spaces-properties.aux
LABELS NOT IMPORTED.
 on input line 102.


Package xr Warning: 
No file spaces-morphisms.aux
LABELS NOT IMPORTED.
 on input line 103.


Package xr Warning: 
No file decent-spaces.aux
LABELS NOT IMPORTED.
 on input line 104.


Package xr Warning: 
No file spaces-cohomology.aux
LABELS NOT IMPORTED.
 on input line 105.


Package xr Warning: 
No file spaces-limits.aux
LABELS NOT IMPORTED.
 on input line 106.


Package xr Warning: 
No file spaces-divisors.aux
LABELS NOT IMPORTED.
 on input line 107.


Package xr Warning: 
No file spaces-over-fields.aux
LABELS NOT IMPORTED.
 on input line 108.


Package xr Warning: 
No file spaces-topologies.aux
LABELS NOT IMPORTED.
 on input line 109.


Package xr Warning: 
No file spaces-descent.aux
LABELS NOT IMPORTED.
 on input line 110.


Package xr Warning: 
No file spaces-perfect.aux
LABELS NOT IMPORTED.
 on input line 111.


Package xr Warning: 
No file spaces-more-morphisms.aux
LABELS NOT IMPORTED.
 on input line 112.


Package xr Warning: 
No file spaces-flat.aux
LABELS NOT IMPORTED.
 on input line 113.


Package xr Warning: 
No file spaces-groupoids.aux
LABELS NOT IMPORTED.
 on input line 114.


Package xr Warning: 
No file spaces-more-groupoids.aux
LABELS NOT IMPORTED.
 on input line 115.


Package xr Warning: 
No file bootstrap.aux
LABELS NOT IMPORTED.
 on input line 116.


Package xr Warning: 
No file spaces-pushouts.aux
LABELS NOT IMPORTED.
 on input line 117.


Package xr Warning: 
No file spaces-chow.aux
LABELS NOT IMPORTED.
 on input line 118.


Package xr Warning: 
No file groupoids-quotients.aux
LABELS NOT IMPORTED.
 on input line 119.


Package xr Warning: 
No file spaces-more-cohomology.aux
LABELS NOT IMPORTED.
 on input line 120.


Package xr Warning: 
No file spaces-simplicial.aux
LABELS NOT IMPORTED.
 on input line 121.


Package xr Warning: 
No file spaces-duality.aux
LABELS NOT IMPORTED.
 on input line 122.


Package xr Warning: 
No file formal-spaces.aux
LABELS NOT IMPORTED.
 on input line 123.


Package xr Warning: 
No file restricted.aux
LABELS NOT IMPORTED.
 on input line 124.


Package xr Warning: 
No file spaces-resolve.aux
LABELS NOT IMPORTED.
 on input line 125.


Package xr Warning: 
No file formal-defos.aux
LABELS NOT IMPORTED.
 on input line 126.


Package xr Warning: 
No file defos.aux
LABELS NOT IMPORTED.
 on input line 127.


Package xr Warning: 
No file cotangent.aux
LABELS NOT IMPORTED.
 on input line 128.


Package xr Warning: 
No file examples-defos.aux
LABELS NOT IMPORTED.
 on input line 129.


Package xr Warning: 
No file algebraic.aux
LABELS NOT IMPORTED.
 on input line 130.


Package xr Warning: 
No file examples-stacks.aux
LABELS NOT IMPORTED.
 on input line 131.


Package xr Warning: 
No file stacks-sheaves.aux
LABELS NOT IMPORTED.
 on input line 132.


Package xr Warning: 
No file criteria.aux
LABELS NOT IMPORTED.
 on input line 133.


Package xr Warning: 
No file artin.aux
LABELS NOT IMPORTED.
 on input line 134.


Package xr Warning: 
No file quot.aux
LABELS NOT IMPORTED.
 on input line 135.


Package xr Warning: 
No file stacks-properties.aux
LABELS NOT IMPORTED.
 on input line 136.


Package xr Warning: 
No file stacks-morphisms.aux
LABELS NOT IMPORTED.
 on input line 137.


Package xr Warning: 
No file stacks-limits.aux
LABELS NOT IMPORTED.
 on input line 138.


Package xr Warning: 
No file stacks-cohomology.aux
LABELS NOT IMPORTED.
 on input line 139.


Package xr Warning: 
No file stacks-perfect.aux
LABELS NOT IMPORTED.
 on input line 140.


Package xr Warning: 
No file stacks-introduction.aux
LABELS NOT IMPORTED.
 on input line 141.


Package xr Warning: 
No file stacks-more-morphisms.aux
LABELS NOT IMPORTED.
 on input line 142.


Package xr Warning: 
No file stacks-geometry.aux
LABELS NOT IMPORTED.
 on input line 143.


Package xr Warning: 
No file moduli.aux
LABELS NOT IMPORTED.
 on input line 144.


Package xr Warning: 
No file moduli-curves.aux
LABELS NOT IMPORTED.
 on input line 145.


Package xr Warning: 
No file examples.aux
LABELS NOT IMPORTED.
 on input line 146.


Package xr Warning: 
No file exercises.aux
LABELS NOT IMPORTED.
 on input line 147.


Package xr Warning: 
No file guide.aux
LABELS NOT IMPORTED.
 on input line 148.


Package xr Warning: 
No file desirables.aux
LABELS NOT IMPORTED.
 on input line 149.


Package xr Warning: 
No file coding.aux
LABELS NOT IMPORTED.
 on input line 150.


Package xr Warning: 
No file obsolete.aux
LABELS NOT IMPORTED.
 on input line 151.


Package xr Warning: 
No file fdl.aux
LABELS NOT IMPORTED.
 on input line 152.


Package xr Warning: 
No file index.aux
LABELS NOT IMPORTED.
 on input line 153.

)
(<USER_ROOT>\AppData\Local\Programs\MiKTeX\tex/latex/l3backend\l3backend-pd
ftex.def
File: l3backend-pdftex.def 2026-02-18 L3 backend support: PDF output (pdfTeX)
\l__color_backend_stack_int=\count328
) (modules.aux)
\openout1 = `modules.aux'.

LaTeX Font Info:    Checking defaults for OML/cmm/m/it on input line 5.
LaTeX Font Info:    ... okay on input line 5.
LaTeX Font Info:    Checking defaults for OMS/cmsy/m/n on input line 5.
LaTeX Font Info:    ... okay on input line 5.
LaTeX Font Info:    Checking defaults for OT1/cmr/m/n on input line 5.
LaTeX Font Info:    ... okay on input line 5.
LaTeX Font Info:    Checking defaults for T1/cmr/m/n on input line 5.
LaTeX Font Info:    ... okay on input line 5.
LaTeX Font Info:    Checking defaults for TS1/cmr/m/n on input line 5.
LaTeX Font Info:    ... okay on input line 5.
LaTeX Font Info:    Checking defaults for OMX/cmex/m/n on input line 5.
LaTeX Font Info:    ... okay on input line 5.
LaTeX Font Info:    Checking defaults for U/cmr/m/n on input line 5.
LaTeX Font Info:    ... okay on input line 5.
LaTeX Font Info:    Checking defaults for PD1/pdf/m/n on input line 5.
LaTeX Font Info:    ... okay on input line 5.
LaTeX Font Info:    Checking defaults for PU/pdf/m/n on input line 5.
LaTeX Font Info:    ... okay on input line 5.
LaTeX Font Info:    Trying to load font information for OT1+lmr on input line 5
.

(<USER_ROOT>\AppData\Local\Programs\MiKTeX\tex/latex/lm\ot1lmr.fd
File: ot1lmr.fd 2015/05/01 v1.6.1 Font defs for Latin Modern
)
LaTeX Font Info:    Trying to load font information for OML+lmm on input line 5
.

(<USER_ROOT>\AppData\Local\Programs\MiKTeX\tex/latex/lm\omllmm.fd
File: omllmm.fd 2015/05/01 v1.6.1 Font defs for Latin Modern
)
LaTeX Font Info:    Trying to load font information for OMS+lmsy on input line 
5.

(<USER_ROOT>\AppData\Local\Programs\MiKTeX\tex/latex/lm\omslmsy.fd
File: omslmsy.fd 2015/05/01 v1.6.1 Font defs for Latin Modern
)
LaTeX Font Info:    Trying to load font information for OMX+lmex on input line 
5.

(<USER_ROOT>\AppData\Local\Programs\MiKTeX\tex/latex/lm\omxlmex.fd
File: omxlmex.fd 2015/05/01 v1.6.1 Font defs for Latin Modern
)
LaTeX Font Info:    External font `lmex10' loaded for size
(Font)              <8> on input line 5.
LaTeX Font Info:    External font `lmex10' loaded for size
(Font)              <6> on input line 5.
LaTeX Font Info:    External font `lmex10' loaded for size
(Font)              <5> on input line 5.
LaTeX Font Info:    Trying to load font information for U+msa on input line 5.

(<USER_ROOT>\AppData\Local\Programs\MiKTeX\tex/latex/amsfonts\umsa.fd
File: umsa.fd 2013/01/14 v3.01 AMS symbols A
)
LaTeX Font Info:    Trying to load font information for U+msb on input line 5.

(<USER_ROOT>\AppData\Local\Programs\MiKTeX\tex/latex/amsfonts\umsb.fd
File: umsb.fd 2013/01/14 v3.01 AMS symbols B
)
LaTeX Font Info:    External font `lmex10' loaded for size
(Font)              <10> on input line 5.
LaTeX Font Info:    External font `lmex10' loaded for size
(Font)              <7> on input line 5.
Package xypdf Info: Line width: 0.39998pt on input line 5.
Package hyperref Info: Link coloring OFF on input line 5.

(modules.out) (modules.out)
\@outlinefile=\write4
\openout4 = `modules.out'.

 (modules.toc)
\tf@toc=\write5
\openout5 = `modules.toc'.



LaTeX Warning: Reference `sites-modules-section-introduction' on page 1 undefin
ed on input line 29.

[1{<USER_ROOT>/AppData/Local/MiKTeX/fonts/map/pdftex/pdftex.map}{<USER_ROOT>/AppData/Local/Programs/MiKTeX/fonts/enc/dvips/lm/lm-ec.enc}{<USER_ROOT>/AppData/Local/Programs/MiKTeX/fonts/enc/dvips/lm/lm-rm.enc}]

LaTeX Warning: Reference `sheaves-definition-ringed-space' on page 2 undefined 
on input line 64.


LaTeX Warning: Reference `sheaves-definition-sheaf-modules' on page 2 undefined
 on input line 66.


LaTeX Warning: Reference `homology-definition-preadditive' on page 2 undefined 
on input line 76.


LaTeX Warning: Reference `sheaves-lemma-points-exactness' on page 2 undefined o
n input line 88.


LaTeX Warning: Reference `homology-definition-direct-sum' on page 2 undefined o
n input line 98.


LaTeX Warning: Reference `homology-definition-additive-category' on page 2 unde
fined on input line 100.


LaTeX Warning: Reference `sheaves-lemma-stalk-sheafification' on page 2 undefin
ed on input line 129.


LaTeX Warning: Reference `sheaves-section-exactness-points' on page 2 undefined
 on input line 133.


LaTeX Warning: Reference `sheaves-lemma-sheafification-presheaf-modules' on pag
e 2 undefined on input line 140.

[2{<USER_ROOT>/AppData/Local/Programs/MiKTeX/fonts/enc/dvips/lm/lm-mathit.e
nc}{<USER_ROOT>/AppData/Local/Programs/MiKTeX/fonts/enc/dvips/lm/lm-mathsy.
enc}]

LaTeX Warning: Reference `homology-definition-abelian-category' on page 3 undef
ined on input line 165.


LaTeX Warning: Reference `sheaves-lemma-points-exactness' on page 3 undefined o
n input line 167.


LaTeX Warning: Reference `categories-definition-product' on page 3 undefined on
 input line 187.


LaTeX Warning: Reference `categories-definition-coproduct' on page 3 undefined 
on input line 197.


LaTeX Warning: Reference `homology-lemma-colimit-abelian-category' on page 3 un
defined on input line 224.


LaTeX Warning: Reference `categories-lemma-limits-products-equalizers' on page 
3 undefined on input line 228.


LaTeX Warning: Reference `categories-lemma-colimits-coproducts-coequalizers' on
 page 3 undefined on input line 229.


LaTeX Warning: Reference `algebra-lemma-directed-colimit-exact' on page 3 undef
ined on input line 238.

[3{<USER_ROOT>/AppData/Local/Programs/MiKTeX/fonts/enc/dvips/lm/lm-mathex.e
nc}]

LaTeX Warning: Reference `categories-section-exact-functor' on page 4 undefined
 on input line 247.


LaTeX Warning: Reference `homology-lemma-exact-functor' on page 4 undefined on 
input line 248.


LaTeX Warning: Reference `sheaves-lemma-adjoint-pullback-pushforward-modules' o
n page 4 undefined on input line 271.


LaTeX Warning: Reference `categories-section-adjoint' on page 4 undefined on in
put line 273.


LaTeX Warning: Reference `sheaves-lemma-pullback-abelian-stalk' on page 4 undef
ined on input line 277.


LaTeX Warning: Reference `sheaves-lemma-j-shriek-abelian' on page 4 undefined o
n input line 289.

[4]

LaTeX Warning: Reference `sheaves-section-stalks' on page 5 undefined on input 
line 359.


LaTeX Warning: Reference `sheaves-lemma-sheafify-epi-mono' on page 5 undefined 
on input line 423.

[5]

LaTeX Warning: Reference `sheaves-section-open-immersions' on page 6 undefined 
on input line 527.


LaTeX Warning: Reference `sheaves-lemma-stalks-closed-pushforward' on page 6 un
defined on input line 570.


LaTeX Warning: Reference `sheaves-lemma-equivalence-categories-closed-abelian' 
on page 6 undefined on input line 572.

[6]

LaTeX Warning: Reference `sheaves-remark-i-star-not-exact' on page 7 undefined 
on input line 631.

<xymatrix 5x2 416>

LaTeX Warning: Reference `sheaves-lemma-j-shriek-abelian' on page 7 undefined o
n input line 693.


LaTeX Warning: Reference `sheaves-lemma-stalks-closed-pushforward' on page 7 un
defined on input line 694.


LaTeX Warning: Reference `sheaves-section-open-immersions' on page 7 undefined 
on input line 711.


LaTeX Warning: Reference `sheaves-definition-restriction' on page 7 undefined o
n input line 715.

[7]

LaTeX Warning: Reference `sheaves-section-open-immersions' on page 8 undefined 
on input line 721.

<xymatrix 2x2 182>

LaTeX Warning: Reference `sheaves-lemma-push-pull-composition-modules' on page 
8 undefined on input line 768.

[8]

LaTeX Warning: Reference `categories-section-posets-limits' on page 9 undefined
 on input line 931.

[9]

LaTeX Warning: Reference `sheaves-section-glueing-sheaves' on page 10 undefined
 on input line 982.

[10]

LaTeX Warning: Reference `sheaves-section-ringed-spaces-functoriality-modules' 
on page 11 undefined on input line 1188.


LaTeX Warning: Reference `sheaves-lemma-stalk-pullback-modules' on page 11 unde
fined on input line 1201.

[11] <xymatrix 2x2 188>

LaTeX Warning: Reference `sheaves-lemma-push-pull-composition-modules' on page 
12 undefined on input line 1243.

[12] [13]

LaTeX Warning: Reference `algebra-lemma-module-colimit-fp' on page 14 undefined
 on input line 1533.

[14]

LaTeX Warning: Reference `algebra-section-coherent' on page 15 undefined on inp
ut line 1636.

[15] <xymatrix 5x2 437> <xymatrix 5x2 416>

LaTeX Warning: Reference `homology-lemma-characterize-weak-serre-subcategory' o
n page 16 undefined on input line 1763.

[16] [17]

LaTeX Warning: Reference `sheaves-lemma-stalk-pullback-modules' on page 18 unde
fined on input line 1975.


LaTeX Warning: Reference `sheaves-lemma-stalks-closed-pushforward' on page 18 u
ndefined on input line 1977.


LaTeX Warning: Reference `sheaves-lemma-stalks-closed-pushforward' on page 18 u
ndefined on input line 1992.


LaTeX Warning: Reference `sheaves-lemma-stalk-pullback-modules' on page 18 unde
fined on input line 1999.


LaTeX Warning: Reference `sheaves-lemma-stalks-closed-pushforward' on page 18 u
ndefined on input line 2000.

[18] [19]

LaTeX Warning: Reference `algebra-lemma-fun' on page 20 undefined on input line
 2170.


LaTeX Warning: Reference `algebra-lemma-finite-projective' on page 20 undefined
 on input line 2189.

<xymatrix 4x2 198> [20]

LaTeX Warning: Reference `sheaves-section-presheaves-modules' on page 21 undefi
ned on input line 2277.


LaTeX Warning: Reference `sheaves-section-sheafification-presheaves-modules' on
 page 21 undefined on input line 2278.

[21]

LaTeX Warning: Reference `algebra-lemma-tensor-product-exact' on page 22 undefi
ned on input line 2389.


LaTeX Warning: Reference `sheaves-section-limits-sheaves' on page 22 undefined 
on input line 2423.


LaTeX Warning: Reference `algebra-lemma-tensor-products-commute-with-limits' on
 page 22 undefined on input line 2434.

[22] [23]

LaTeX Warning: Reference `sheaves-lemma-stalk-pullback-modules' on page 24 unde
fined on input line 2606.


LaTeX Warning: Reference `algebra-lemma-flat-base-change' on page 24 undefined 
on input line 2607.


LaTeX Warning: Reference `algebra-lemma-directed-colimit-exact' on page 24 unde
fined on input line 2621.


LaTeX Warning: Reference `algebra-lemma-flat-tor-zero' on page 24 undefined on 
input line 2688.


LaTeX Warning: Reference `algebra-lemma-flat-ses' on page 24 undefined on input
 line 2717.

[24]

LaTeX Warning: Reference `algebra-lemma-flat-eq' on page 25 undefined on input 
line 2753.


LaTeX Warning: Reference `algebra-lemma-relations' on page 25 undefined on inpu
t line 2787.

[25]

LaTeX Warning: Reference `categories-definition-dual' on page 26 undefined on i
nput line 2860.


LaTeX Warning: Reference `categories-definition-dual' on page 26 undefined on i
nput line 2874.

<xymatrix 4x2 278>

LaTeX Warning: Reference `categories-lemma-left-dual' on page 26 undefined on i
nput line 2928.


LaTeX Warning: Reference `categories-remark-left-dual-adjoint' on page 26 undef
ined on input line 2931.

[26]

LaTeX Warning: Reference `sheaves-definition-constant-sheaf' on page 27 undefin
ed on input line 2985.


LaTeX Warning: Reference `sheaves-section-open-immersions' on page 27 undefined
 on input line 2989.


LaTeX Warning: Reference `sheaves-lemma-j-shriek' on page 27 undefined on input
 line 3005.

<xymatrix 2x1 80> <xymatrix 2x1 80>

LaTeX Warning: Reference `sheaves-lemma-directed-colimits-sections' on page 27 
undefined on input line 3054.


LaTeX Warning: Reference `topology-lemma-spectral-inverse-limit-finite-sober-sp
aces' on page 27 undefined on input line 3074.


LaTeX Warning: Reference `topology-lemma-directed-inverse-limit-spectral-spaces
' on page 27 undefined on input line 3076.


LaTeX Warning: Reference `topology-lemma-descend-opens' on page 27 undefined on
 input line 3080.

[27]

LaTeX Warning: Reference `sheaves-lemma-compute-pullback-to-limit' on page 28 u
ndefined on input line 3100.

<xymatrix 2x1 80> [28]

LaTeX Warning: Reference `sheaves-lemma-stalk-pullback' on page 29 undefined on
 input line 3228.


LaTeX Warning: Reference `sdga-definition-ga' on page 29 undefined on input lin
e 3298.


LaTeX Warning: Reference `algebra-section-tensor-algebra' on page 29 undefined 
on input line 3310.


LaTeX Warning: Reference `algebra-lemma-colimit-tensor-algebra' on page 29 unde
fined on input line 3335.

[29]

LaTeX Warning: Reference `algebra-lemma-presentation-sym-exterior' on page 30 u
ndefined on input line 3379.


LaTeX Warning: Reference `algebra-lemma-free-tensor-algebra' on page 30 undefin
ed on input line 3420.


LaTeX Warning: Reference `algebra-lemma-present-sym-wedge' on page 30 undefined
 on input line 3434.

[30]

LaTeX Warning: Reference `sheaves-section-glueing-sheaves' on page 31 undefined
 on input line 3507.


LaTeX Warning: Reference `algebra-lemma-hom-from-tensor-product' on page 31 und
efined on input line 3554.


LaTeX Warning: Reference `homology-lemma-check-exactness' on page 31 undefined 
on input line 3592.

[31]

LaTeX Warning: Reference `algebra-lemma-adjoint-hom-restrict' on page 32 undefi
ned on input line 3614.


Overfull \hbox (39.44756pt too wide) in paragraph at lines 3669--3708
[][] \OMS/lmsy/m/n/10 G\OML/lmm/m/it/10 :$ \T1/lmr/m/n/10 Tak-ing stalks we get
 an ex-act se-quence $\OT1/lmr/m/n/10 0 \OMS/lmsy/m/n/10 ! [][]\OT1/lmr/m/n/10 
(\OMS/lmsy/m/n/10 F\OML/lmm/m/it/10 ; \OMS/lmsy/m/n/10 G\OT1/lmr/m/n/10 )[] \OM
S/lmsy/m/n/10 ! [][] G[] [][]!
 []


Overfull \hbox (22.78468pt too wide) in paragraph at lines 3669--3708
[][] \OMS/lmsy/m/n/10 G[]$ \T1/lmr/m/n/10 and the re-sult fol-lows since $\OMS/
lmsy/m/n/10 F[]$ \T1/lmr/m/n/10 sits in an ex-act se-quence $[][] \OMS/lmsy/m/n
/10 O[] [][]!
 []


Overfull \hbox (8.23111pt too wide) in paragraph at lines 3669--3708
[][] \OMS/lmsy/m/n/10 O[] ! F[] ! \OT1/lmr/m/n/10 0$ \T1/lmr/m/n/10 which in-du
ces the ex-act se-quence $\OT1/lmr/m/n/10 0 \OMS/lmsy/m/n/10 ! [][]\OT1/lmr/m/n
/10 (\OMS/lmsy/m/n/10 F[]\OML/lmm/m/it/10 ; \OMS/lmsy/m/n/10 G[]\OT1/lmr/m/n/10
 ) \OMS/lmsy/m/n/10 !
 []


LaTeX Warning: Reference `more-algebra-lemma-pseudo-coherence-and-base-change-e
xt' on page 32 undefined on input line 3731.

[32]

LaTeX Warning: Reference `sheaves-section-limits-sheaves' on page 33 undefined 
on input line 3774.

<xymatrix 4x2 340>
Overfull \hbox (9.03856pt too wide) detected at line 3813
[]
 []


LaTeX Warning: Reference `categories-section-posets-limits' on page 33 undefine
d on input line 3823.


LaTeX Warning: Reference `sheaves-lemma-directed-colimits-sections' on page 33 
undefined on input line 3853.


LaTeX Warning: Reference `sheaves-example-conditions-needed-colimit' on page 33
 undefined on input line 3860.

[33] <xymatrix 2x2 116>

LaTeX Warning: Reference `more-algebra-section-koszul' on page 34 undefined on 
input line 3987.

[34]
Overfull \hbox (9.90305pt too wide) in paragraph at lines 4020--4027
\T1/lmr/m/it/10 Koszul com-plex on $\OML/lmm/m/it/10 f[]; [] ; f[]$ \T1/lmr/m/n
/10 is the Koszul com-plex as-so-ci-ated to the map $\OT1/lmr/m/n/10 (\OML/lmm/
m/it/10 f[]; [] ; f[]\OT1/lmr/m/n/10 ) :
 []


LaTeX Warning: Reference `more-algebra-section-picard' on page 35 undefined on 
input line 4043.

[35]

LaTeX Warning: Reference `more-algebra-lemma-invertible' on page 36 undefined o
n input line 4139.


LaTeX Warning: Reference `more-algebra-section-picard' on page 36 undefined on 
input line 4193.

[36]

LaTeX Warning: Reference `algebra-section-graded' on page 37 undefined on input
 line 4265.


LaTeX Warning: Reference `sheaves-section-glueing-sheaves' on page 37 undefined
 on input line 4335.

[37]
LaTeX Font Info:    Trying to load font information for U+euf on input line 436
6.
 (<USER_ROOT>\AppData\Local\Programs\MiKTeX\tex/latex/amsfonts\ueuf.fd
File: ueuf.fd 2013/01/14 v3.01 Euler Fraktur
)

LaTeX Warning: Reference `algebra-lemma-NAK' on page 38 undefined on input line
 4388.


LaTeX Warning: Reference `schemes-definition-locally-ringed-space' on page 38 u
ndefined on input line 4406.


LaTeX Warning: Reference `injectives-remark-embed-exact-category' on page 38 un
defined on input line 4419.

[38] [39]

LaTeX Warning: Reference `more-algebra-section-determinants' on page 40 undefin
ed on input line 4568.


LaTeX Warning: Reference `more-algebra-remark-determinant-as-socle' on page 40 
undefined on input line 4569.


LaTeX Warning: Reference `algebra-definition-multiplicative-subset' on page 40 
undefined on input line 4608.

[40]

LaTeX Warning: Reference `sheaves-section-presheaves-modules' on page 41 undefi
ned on input line 4687.


LaTeX Warning: Reference `sheaves-section-sheafification-presheaves-modules' on
 page 41 undefined on input line 4694.


LaTeX Warning: Reference `algebra-section-differentials' on page 41 undefined o
n input line 4716.


LaTeX Warning: Reference `algebra-definition-derivation' on page 41 undefined o
n input line 4737.

[41]

LaTeX Warning: Reference `algebra-definition-differentials' on page 42 undefine
d on input line 4855.

[42]

LaTeX Warning: Reference `sheaves-lemma-stalk-sheafification' on page 43 undefi
ned on input line 4915.


LaTeX Warning: Reference `algebra-lemma-colimit-differentials' on page 43 undef
ined on input line 4916.

<xymatrix 2x2 161>

LaTeX Warning: Reference `algebra-lemma-differential-seq' on page 43 undefined 
on input line 4982.

[43] <xymatrix 2x2 182> <xymatrix 2x2 154> [44]

LaTeX Warning: Reference `sheaves-lemma-adjointness-tensor-restrict' on page 45
 undefined on input line 5082.

<xymatrix 3x2 278>

LaTeX Warning: Reference `algebra-lemma-exact-sequence-differentials' on page 4
5 undefined on input line 5138.


LaTeX Warning: Reference `sheaves-lemma-stalk-pullback-modules' on page 45 unde
fined on input line 5142.


LaTeX Warning: Reference `algebra-section-differential-operators' on page 45 un
defined on input line 5171.

[45] [46]

LaTeX Warning: Reference `categories-lemma-yoneda' on page 47 undefined on inpu
t line 5302.


LaTeX Warning: Reference `algebra-lemma-sequence-of-principal-parts' on page 47
 undefined on input line 5345.

<xymatrix 2x2 154> <xymatrix 4x2 340> [47]

LaTeX Warning: Reference `algebra-section-de-rham-complex' on page 48 undefined
 on input line 5418.


LaTeX Warning: Reference `algebra-section-de-rham-complex' on page 48 undefined
 on input line 5459.


LaTeX Warning: Reference `algebra-lemma-differentials-de-rham-complex-order-1' 
on page 48 undefined on input line 5503.

<xymatrix 2x2 154> [48] <xymatrix 2x2 182> <xymatrix 2x2 154>

LaTeX Warning: Reference `algebra-section-netherlander' on page 49 undefined on
 input line 5610.

[49] <xymatrix 2x2 154> <xymatrix 3x2 264> [50]

LaTeX Warning: Reference `algebra-section-netherlander' on page 51 undefined on
 input line 5751.


LaTeX Warning: Reference `algebra-lemma-NL-homotopy' on page 51 undefined on in
put line 5757.


LaTeX Warning: Reference `derived-definition-cone' on page 51 undefined on inpu
t line 5790.

<xymatrix 4x2 234>

LaTeX Warning: Reference `derived-lemma-map-from-cone' on page 51 undefined on 
input line 5826.


LaTeX Warning: Reference `algebra-remark-composition-homotopy-equivalent-to-zer
o' on page 51 undefined on input line 5837.


LaTeX Warning: Reference `algebra-lemma-exact-sequence-NL' on page 51 undefined
 on input line 5842.

[51] <xymatrix 2x2 182> <xymatrix 2x2 182> <xymatrix 2x2 161> <xymatrix 4x2
234> (chapters.tex [52]

LaTeX Warning: Hyper reference `introduction-section-phantom' on page 53 undefi
ned on input line 5.


LaTeX Warning: Hyper reference `conventions-section-phantom' on page 53 undefin
ed on input line 6.


LaTeX Warning: Hyper reference `sets-section-phantom' on page 53 undefined on i
nput line 7.


LaTeX Warning: Hyper reference `categories-section-phantom' on page 53 undefine
d on input line 8.


LaTeX Warning: Hyper reference `topology-section-phantom' on page 53 undefined 
on input line 9.


LaTeX Warning: Hyper reference `sheaves-section-phantom' on page 53 undefined o
n input line 10.


LaTeX Warning: Hyper reference `sites-section-phantom' on page 53 undefined on 
input line 11.


LaTeX Warning: Hyper reference `stacks-section-phantom' on page 53 undefined on
 input line 12.


LaTeX Warning: Hyper reference `fields-section-phantom' on page 53 undefined on
 input line 13.


LaTeX Warning: Hyper reference `algebra-section-phantom' on page 53 undefined o
n input line 14.


LaTeX Warning: Hyper reference `brauer-section-phantom' on page 53 undefined on
 input line 15.


LaTeX Warning: Hyper reference `homology-section-phantom' on page 53 undefined 
on input line 16.


LaTeX Warning: Hyper reference `derived-section-phantom' on page 53 undefined o
n input line 17.


LaTeX Warning: Hyper reference `simplicial-section-phantom' on page 53 undefine
d on input line 18.


LaTeX Warning: Hyper reference `more-algebra-section-phantom' on page 53 undefi
ned on input line 19.


LaTeX Warning: Hyper reference `smoothing-section-phantom' on page 53 undefined
 on input line 20.


LaTeX Warning: Hyper reference `sites-modules-section-phantom' on page 53 undef
ined on input line 22.


LaTeX Warning: Hyper reference `injectives-section-phantom' on page 53 undefine
d on input line 23.


LaTeX Warning: Hyper reference `cohomology-section-phantom' on page 53 undefine
d on input line 24.


LaTeX Warning: Hyper reference `sites-cohomology-section-phantom' on page 53 un
defined on input line 25.


LaTeX Warning: Hyper reference `dga-section-phantom' on page 53 undefined on in
put line 26.


LaTeX Warning: Hyper reference `dpa-section-phantom' on page 53 undefined on in
put line 27.


LaTeX Warning: Hyper reference `sdga-section-phantom' on page 53 undefined on i
nput line 28.


LaTeX Warning: Hyper reference `hypercovering-section-phantom' on page 53 undef
ined on input line 29.


LaTeX Warning: Hyper reference `schemes-section-phantom' on page 53 undefined o
n input line 34.


LaTeX Warning: Hyper reference `constructions-section-phantom' on page 53 undef
ined on input line 35.


LaTeX Warning: Hyper reference `properties-section-phantom' on page 53 undefine
d on input line 36.


LaTeX Warning: Hyper reference `morphisms-section-phantom' on page 53 undefined
 on input line 37.


LaTeX Warning: Hyper reference `coherent-section-phantom' on page 53 undefined 
on input line 38.


LaTeX Warning: Hyper reference `divisors-section-phantom' on page 53 undefined 
on input line 39.


LaTeX Warning: Hyper reference `limits-section-phantom' on page 53 undefined on
 input line 40.


LaTeX Warning: Hyper reference `varieties-section-phantom' on page 53 undefined
 on input line 41.


LaTeX Warning: Hyper reference `topologies-section-phantom' on page 53 undefine
d on input line 42.


LaTeX Warning: Hyper reference `descent-section-phantom' on page 53 undefined o
n input line 43.


LaTeX Warning: Hyper reference `perfect-section-phantom' on page 53 undefined o
n input line 44.


LaTeX Warning: Hyper reference `more-morphisms-section-phantom' on page 53 unde
fined on input line 45.


LaTeX Warning: Hyper reference `flat-section-phantom' on page 53 undefined on i
nput line 46.


LaTeX Warning: Hyper reference `groupoids-section-phantom' on page 53 undefined
 on input line 47.


LaTeX Warning: Hyper reference `more-groupoids-section-phantom' on page 53 unde
fined on input line 48.


LaTeX Warning: Hyper reference `etale-section-phantom' on page 53 undefined on 
input line 49.


LaTeX Warning: Hyper reference `chow-section-phantom' on page 53 undefined on i
nput line 54.


LaTeX Warning: Hyper reference `intersection-section-phantom' on page 53 undefi
ned on input line 55.


LaTeX Warning: Hyper reference `pic-section-phantom' on page 53 undefined on in
put line 56.


LaTeX Warning: Hyper reference `weil-section-phantom' on page 53 undefined on i
nput line 57.


LaTeX Warning: Hyper reference `adequate-section-phantom' on page 53 undefined 
on input line 58.


LaTeX Warning: Hyper reference `dualizing-section-phantom' on page 53 undefined
 on input line 59.


LaTeX Warning: Hyper reference `duality-section-phantom' on page 53 undefined o
n input line 60.


LaTeX Warning: Hyper reference `discriminant-section-phantom' on page 53 undefi
ned on input line 61.


LaTeX Warning: Hyper reference `derham-section-phantom' on page 53 undefined on
 input line 62.


LaTeX Warning: Hyper reference `local-cohomology-section-phantom' on page 53 un
defined on input line 63.


LaTeX Warning: Hyper reference `algebraization-section-phantom' on page 53 unde
fined on input line 64.


LaTeX Warning: Hyper reference `curves-section-phantom' on page 53 undefined on
 input line 65.


LaTeX Warning: Hyper reference `resolve-section-phantom' on page 53 undefined o
n input line 66.


LaTeX Warning: Hyper reference `models-section-phantom' on page 53 undefined on
 input line 67.


LaTeX Warning: Hyper reference `functors-section-phantom' on page 53 undefined 
on input line 68.


LaTeX Warning: Hyper reference `equiv-section-phantom' on page 53 undefined on 
input line 69.


LaTeX Warning: Hyper reference `pione-section-phantom' on page 53 undefined on 
input line 70.


LaTeX Warning: Hyper reference `etale-cohomology-section-phantom' on page 53 un
defined on input line 71.


LaTeX Warning: Hyper reference `crystalline-section-phantom' on page 53 undefin
ed on input line 72.


LaTeX Warning: Hyper reference `proetale-section-phantom' on page 53 undefined 
on input line 73.


LaTeX Warning: Hyper reference `relative-cycles-section-phantom' on page 53 und
efined on input line 74.


LaTeX Warning: Hyper reference `more-etale-section-phantom' on page 53 undefine
d on input line 75.


LaTeX Warning: Hyper reference `trace-section-phantom' on page 53 undefined on 
input line 76.


LaTeX Warning: Hyper reference `spaces-section-phantom' on page 53 undefined on
 input line 81.


LaTeX Warning: Hyper reference `spaces-properties-section-phantom' on page 53 u
ndefined on input line 82.


LaTeX Warning: Hyper reference `spaces-morphisms-section-phantom' on page 53 un
defined on input line 83.


LaTeX Warning: Hyper reference `decent-spaces-section-phantom' on page 53 undef
ined on input line 84.


LaTeX Warning: Hyper reference `spaces-cohomology-section-phantom' on page 53 u
ndefined on input line 85.


LaTeX Warning: Hyper reference `spaces-limits-section-phantom' on page 53 undef
ined on input line 86.


LaTeX Warning: Hyper reference `spaces-divisors-section-phantom' on page 53 und
efined on input line 87.


LaTeX Warning: Hyper reference `spaces-over-fields-section-phantom' on page 53 
undefined on input line 88.


LaTeX Warning: Hyper reference `spaces-topologies-section-phantom' on page 53 u
ndefined on input line 89.


LaTeX Warning: Hyper reference `spaces-descent-section-phantom' on page 53 unde
fined on input line 90.


LaTeX Warning: Hyper reference `spaces-perfect-section-phantom' on page 53 unde
fined on input line 91.


LaTeX Warning: Hyper reference `spaces-more-morphisms-section-phantom' on page 
53 undefined on input line 92.


LaTeX Warning: Hyper reference `spaces-flat-section-phantom' on page 53 undefin
ed on input line 93.


LaTeX Warning: Hyper reference `spaces-groupoids-section-phantom' on page 53 un
defined on input line 94.


LaTeX Warning: Hyper reference `spaces-more-groupoids-section-phantom' on page 
53 undefined on input line 95.


LaTeX Warning: Hyper reference `bootstrap-section-phantom' on page 53 undefined
 on input line 96.


LaTeX Warning: Hyper reference `spaces-pushouts-section-phantom' on page 53 und
efined on input line 97.


LaTeX Warning: Hyper reference `spaces-chow-section-phantom' on page 53 undefin
ed on input line 102.


LaTeX Warning: Hyper reference `groupoids-quotients-section-phantom' on page 53
 undefined on input line 103.


LaTeX Warning: Hyper reference `spaces-more-cohomology-section-phantom' on page
 53 undefined on input line 104.


LaTeX Warning: Hyper reference `spaces-simplicial-section-phantom' on page 53 u
ndefined on input line 105.


LaTeX Warning: Hyper reference `spaces-duality-section-phantom' on page 53 unde
fined on input line 106.


LaTeX Warning: Hyper reference `formal-spaces-section-phantom' on page 53 undef
ined on input line 107.


LaTeX Warning: Hyper reference `restricted-section-phantom' on page 53 undefine
d on input line 108.


LaTeX Warning: Hyper reference `spaces-resolve-section-phantom' on page 53 unde
fined on input line 109.

[53]

LaTeX Warning: Hyper reference `formal-defos-section-phantom' on page 54 undefi
ned on input line 114.


LaTeX Warning: Hyper reference `defos-section-phantom' on page 54 undefined on 
input line 115.


LaTeX Warning: Hyper reference `cotangent-section-phantom' on page 54 undefined
 on input line 116.


LaTeX Warning: Hyper reference `examples-defos-section-phantom' on page 54 unde
fined on input line 117.


LaTeX Warning: Hyper reference `algebraic-section-phantom' on page 54 undefined
 on input line 122.


LaTeX Warning: Hyper reference `examples-stacks-section-phantom' on page 54 und
efined on input line 123.


LaTeX Warning: Hyper reference `stacks-sheaves-section-phantom' on page 54 unde
fined on input line 124.


LaTeX Warning: Hyper reference `criteria-section-phantom' on page 54 undefined 
on input line 125.


LaTeX Warning: Hyper reference `artin-section-phantom' on page 54 undefined on 
input line 126.


LaTeX Warning: Hyper reference `quot-section-phantom' on page 54 undefined on i
nput line 127.


LaTeX Warning: Hyper reference `stacks-properties-section-phantom' on page 54 u
ndefined on input line 128.


LaTeX Warning: Hyper reference `stacks-morphisms-section-phantom' on page 54 un
defined on input line 129.


LaTeX Warning: Hyper reference `stacks-limits-section-phantom' on page 54 undef
ined on input line 130.


LaTeX Warning: Hyper reference `stacks-cohomology-section-phantom' on page 54 u
ndefined on input line 131.


LaTeX Warning: Hyper reference `stacks-perfect-section-phantom' on page 54 unde
fined on input line 132.


LaTeX Warning: Hyper reference `stacks-introduction-section-phantom' on page 54
 undefined on input line 133.


LaTeX Warning: Hyper reference `stacks-more-morphisms-section-phantom' on page 
54 undefined on input line 134.


LaTeX Warning: Hyper reference `stacks-geometry-section-phantom' on page 54 und
efined on input line 135.


LaTeX Warning: Hyper reference `moduli-section-phantom' on page 54 undefined on
 input line 140.


LaTeX Warning: Hyper reference `moduli-curves-section-phantom' on page 54 undef
ined on input line 141.


LaTeX Warning: Hyper reference `examples-section-phantom' on page 54 undefined 
on input line 146.


LaTeX Warning: Hyper reference `exercises-section-phantom' on page 54 undefined
 on input line 147.


LaTeX Warning: Hyper reference `guide-section-phantom' on page 54 undefined on 
input line 148.


LaTeX Warning: Hyper reference `desirables-section-phantom' on page 54 undefine
d on input line 149.


LaTeX Warning: Hyper reference `coding-section-phantom' on page 54 undefined on
 input line 150.


LaTeX Warning: Hyper reference `obsolete-section-phantom' on page 54 undefined 
on input line 151.


LaTeX Warning: Hyper reference `fdl-section-phantom' on page 54 undefined on in
put line 152.


LaTeX Warning: Hyper reference `index-section-phantom' on page 54 undefined on 
input line 153.

) (modules.bbl) [54] (modules.aux)
 ***********
LaTeX2e <2025-11-01>
L3 programming layer <2026-03-20>
 ***********


LaTeX Warning: There were undefined references.

Package rerunfilecheck Info: File `modules.out' has not changed.
(rerunfilecheck)             Checksum: 7AAA5143F3EBE89D613F9784BF5E6E4D;6197.
 ) 
Here is how much of TeX's memory you used:
 14435 strings out of 467691
 227226 string characters out of 5414503
 687801 words of memory out of 5000000
 42421 multiletter control sequences out of 15000+600000
 706643 words of font info for 94 fonts, out of 8000000 for 9000
 1302 hyphenation exceptions out of 8191
 80i,15n,82p,3237b,740s stack positions out of 10000i,1000n,20000p,200000b,200000s
<<USER_ROOT>/AppData/Local/Programs/MiKTeX/fonts/type1/public/amsfonts/eu
ler/eufm10.pfb><<USER_ROOT>/AppData/Local/Programs/MiKTeX/fonts/type1/publi
c/lm/lmbx10.pfb><<USER_ROOT>/AppData/Local/Programs/MiKTeX/fonts/type1/publ
ic/lm/lmbx7.pfb><<USER_ROOT>/AppData/Local/Programs/MiKTeX/fonts/type1/publ
ic/lm/lmbx8.pfb><<USER_ROOT>/AppData/Local/Programs/MiKTeX/fonts/type1/publ
ic/lm/lmex10.pfb><<USER_ROOT>/AppData/Local/Programs/MiKTeX/fonts/type1/pub
lic/lm/lmmi10.pfb><<USER_ROOT>/AppData/Local/Programs/MiKTeX/fonts/type1/pu
blic/lm/lmmi5.pfb><<USER_ROOT>/AppData/Local/Programs/MiKTeX/fonts/type1/pu
blic/lm/lmmi7.pfb><<USER_ROOT>/AppData/Local/Programs/MiKTeX/fonts/type1/pu
blic/lm/lmr10.pfb><<USER_ROOT>/AppData/Local/Programs/MiKTeX/fonts/type1/pu
blic/lm/lmr5.pfb><<USER_ROOT>/AppData/Local/Programs/MiKTeX/fonts/type1/pub
lic/lm/lmr7.pfb><<USER_ROOT>/AppData/Local/Programs/MiKTeX/fonts/type1/publ
ic/lm/lmr8.pfb><<USER_ROOT>/AppData/Local/Programs/MiKTeX/fonts/type1/publi
c/lm/lmri10.pfb><<USER_ROOT>/AppData/Local/Programs/MiKTeX/fonts/type1/publ
ic/lm/lmri7.pfb><<USER_ROOT>/AppData/Local/Programs/MiKTeX/fonts/type1/publ
ic/lm/lmri8.pfb><<USER_ROOT>/AppData/Local/Programs/MiKTeX/fonts/type1/publ
ic/lm/lmsy10.pfb><<USER_ROOT>/AppData/Local/Programs/MiKTeX/fonts/type1/pub
lic/lm/lmsy5.pfb><<USER_ROOT>/AppData/Local/Programs/MiKTeX/fonts/type1/pub
lic/lm/lmsy7.pfb><<USER_ROOT>/AppData/Local/Programs/MiKTeX/fonts/type1/pub
lic/amsfonts/symbols/msam10.pfb><<USER_ROOT>/AppData/Local/Programs/MiKTeX/
fonts/type1/public/xypic/xyatip10.pfb><<USER_ROOT>/AppData/Local/Programs/M
iKTeX/fonts/type1/public/xypic/xybtip10.pfb>
Output written on modules.pdf (54 pages, 686260 bytes).
PDF statistics:
 1178 PDF objects out of 1200 (max. 8388607)
 471 named destinations out of 1000 (max. 500000)
 265 words of extra memory for PDF output out of 10000 (max. 10000000)

